******************************************************************************
                  TI ARM Linker PC v15.12.3                    
******************************************************************************
>> Linked Thu Oct 20 00:30:24 2016

OUTPUT FILE NAME:   <CircBuff_Unit_Test.out>
ENTRY POINT SYMBOL: "_c_int00"  address: 00000cd9


MEMORY CONFIGURATION

         name            origin    length      used     unused   attr    fill
----------------------  --------  ---------  --------  --------  ----  --------
  MAIN                  00000000   00040000  00000e52  0003f1ae  R  X
  INFO                  00200000   00004000  00000000  00004000  R  X
  SRAM_CODE             01000000   00010000  00000628  0000f9d8  RW X
  SRAM_DATA             20000000   00010000  00000628  0000f9d8  RW  


SEGMENT ALLOCATION MAP

run origin  load origin   length   init length attrs members
----------  ----------- ---------- ----------- ----- -------
00000000    00000000    00000e54   00000e54    r-x
  00000000    00000000    000000e4   000000e4    r-- .intvecs
  000000e4    000000e4    00000d3a   00000d3a    r-x .text
  00000e20    00000e20    00000034   00000034    r-- .cinit
20000000    20000000    00000428   00000000    rw-
  20000000    20000000    00000400   00000000    rw- .sysmem
  20000400    20000400    00000028   00000000    rw- .data
2000fe00    2000fe00    00000200   00000000    rw-
  2000fe00    2000fe00    00000200   00000000    rw- .stack


SECTION ALLOCATION MAP

 output                                  attributes/
section   page    origin      length       input sections
--------  ----  ----------  ----------   ----------------
.intvecs   0    00000000    000000e4     
                  00000000    000000e4     startup_msp432p401r_ccs.obj (.intvecs:retain)

.binit     0    00000000    00000000     

.text      0    000000e4    00000d3a     
                  000000e4    000003dc     rtsv7M4_T_le_v4SPD16_eabi.lib : memory.obj (.text)
                  000004c0    0000032c     system_msp432p401r.obj (.text)
                  000007ec    00000194     CircBuff.obj (.text)
                  00000980    000000c8     utest.obj (.text)
                  00000a48    0000009c     main.obj (.text)
                  00000ae4    0000009c     rtsv7M4_T_le_v4SPD16_eabi.lib : memcpy_t2.obj (.text)
                  00000b80    0000007a                                   : memset_t2.obj (.text)
                  00000bfa    00000002                                   : mpu_init.obj (.text)
                  00000bfc    00000070                                   : autoinit.obj (.text)
                  00000c6c    0000006a                                   : copy_decompress_rle.obj (.text)
                  00000cd6    00000002                                   : startup.obj (.text)
                  00000cd8    00000054                                   : boot.obj (.text)
                  00000d2c    00000054                                   : exit.obj (.text)
                  00000d80    0000004c                                   : cpy_tbl.obj (.text)
                  00000dcc    00000018                                   : args_main.obj (.text)
                  00000de4    00000014                                   : _lock.obj (.text)
                  00000df8    0000000e                                   : copy_decompress_none.obj (.text:decompress:none)
                  00000e06    0000000e     startup_msp432p401r_ccs.obj (.text)
                  00000e14    00000006     rtsv7M4_T_le_v4SPD16_eabi.lib : copy_decompress_rle.obj (.text:decompress:rle24)
                  00000e1a    00000004                                   : pre_init.obj (.text)

.cinit     0    00000e20    00000034     
                  00000e20    00000023     (.cinit..data.load) [load image, compression = rle]
                  00000e43    00000001     --HOLE-- [fill = 0]
                  00000e44    00000008     (__TI_handler_table)
                  00000e4c    00000008     (__TI_cinit_table)

.init_array 
*          0    00000000    00000000     UNINITIALIZED

.sysmem    0    20000000    00000400     UNINITIALIZED
                  20000000    00000008     rtsv7M4_T_le_v4SPD16_eabi.lib : memory.obj (.sysmem)
                  20000008    000003f8     --HOLE--

.data      0    20000400    00000028     UNINITIALIZED
                  20000400    0000000c     rtsv7M4_T_le_v4SPD16_eabi.lib : exit.obj (.data:$O1$$)
                  2000040c    0000000c                                   : memory.obj (.data:$O1$$)
                  20000418    00000008                                   : _lock.obj (.data:$O1$$)
                  20000420    00000004                                   : stkdepth_vars.obj (.data)
                  20000424    00000004     system_msp432p401r.obj (.data)

.stack     0    2000fe00    00000200     UNINITIALIZED
                  2000fe00    00000200     --HOLE--

MODULE SUMMARY

       Module                        code   ro data   rw data
       ------                        ----   -------   -------
    .\
       system_msp432p401r.obj        812    0         8      
       CircBuff.obj                  404    0         0      
       startup_msp432p401r_ccs.obj   14     228       0      
       utest.obj                     200    0         0      
       main.obj                      156    0         0      
    +--+-----------------------------+------+---------+---------+
       Total:                        1586   228       8      
                                                             
    C:\ti\ccsv6\tools\compiler\arm_15.12.3.LTS\lib\rtsv7M4_T_le_v4SPD16_eabi.lib
       memory.obj                    988    0         24     
       memcpy_t2.obj                 156    0         0      
       memset_t2.obj                 122    0         0      
       autoinit.obj                  112    0         0      
       copy_decompress_rle.obj       112    0         0      
       exit.obj                      84     0         24     
       boot.obj                      84     0         0      
       cpy_tbl.obj                   76     0         0      
       _lock.obj                     20     0         16     
       args_main.obj                 24     0         0      
       copy_decompress_none.obj      14     0         0      
       stkdepth_vars.obj             0      0         8      
       pre_init.obj                  4      0         0      
       mpu_init.obj                  2      0         0      
       startup.obj                   2      0         0      
    +--+-----------------------------+------+---------+---------+
       Total:                        1800   0         72     
                                                             
       Heap:                         0      0         2048   
       Stack:                        0      0         1024   
       Linker Generated:             0      51        0      
    +--+-----------------------------+------+---------+---------+
       Grand Total:                  3386   279       3152   


LINKER GENERATED COPY TABLES

__TI_cinit_table @ 00000e4c records: 1, size/record: 8, table size: 8
	.data: load addr=00000e20, load size=00000023 bytes, run addr=20000400, run size=00000028 bytes, compression=rle


LINKER GENERATED HANDLER TABLE

__TI_handler_table @ 00000e44 records: 2, size/record: 4, table size: 8
	index: 0, handler: __TI_decompress_rle24
	index: 1, handler: __TI_decompress_none


GLOBAL SYMBOLS: SORTED ALPHABETICALLY BY Name 

address   name                           
-------   ----                           
00000e13  ADC14_IRQHandler               
00000e13  AES256_IRQHandler              
00000881  AddItemToBuffer                
00000869  BufferEmpty                    
0000084b  BufferFull                     
00000e13  BusFault_Handler               
00000d2d  C$$EXIT                        
00000e13  COMP_E0_IRQHandler             
00000e13  COMP_E1_IRQHandler             
00000e13  CS_IRQHandler                  
00000829  ClearBuffer                    
00000e13  DMA_ERR_IRQHandler             
00000e13  DMA_INT0_IRQHandler            
00000e13  DMA_INT1_IRQHandler            
00000e13  DMA_INT2_IRQHandler            
00000e13  DMA_INT3_IRQHandler            
00000e13  DebugMon_Handler               
00000e13  Default_Handler                
0000083b  DeleteBuffer                   
00000e13  EUSCIA0_IRQHandler             
00000e13  EUSCIA1_IRQHandler             
00000e13  EUSCIA2_IRQHandler             
00000e13  EUSCIA3_IRQHandler             
00000e13  EUSCIB0_IRQHandler             
00000e13  EUSCIB1_IRQHandler             
00000e13  EUSCIB2_IRQHandler             
00000e13  EUSCIB3_IRQHandler             
00000e13  FLCTL_IRQHandler               
00000e13  FPU_IRQHandler                 
00000e13  HardFault_Handler              
000007ed  InitializeBuffer               
00000e13  MemManage_Handler              
00000e13  NMI_Handler                    
00000e13  PCM_IRQHandler                 
00000e13  PORT1_IRQHandler               
00000e13  PORT2_IRQHandler               
00000e13  PORT3_IRQHandler               
00000e13  PORT4_IRQHandler               
00000e13  PORT5_IRQHandler               
00000e13  PORT6_IRQHandler               
00000e13  PSS_IRQHandler                 
00000e13  PendSV_Handler                 
00000e13  RTC_C_IRQHandler               
000008f3  RemoveItemFromBuffer           
00000e07  Reset_Handler                  
UNDEFED   SHT$$INIT_ARRAY$$Base          
UNDEFED   SHT$$INIT_ARRAY$$Limit         
00000e13  SVC_Handler                    
00000e13  SysTick_Handler                
20000424  SystemCoreClock                
000004c1  SystemCoreClockUpdate          
00000735  SystemInit                     
00000e13  T32_INT1_IRQHandler            
00000e13  T32_INT2_IRQHandler            
00000e13  T32_INTC_IRQHandler            
00000e13  TA0_0_IRQHandler               
00000e13  TA0_N_IRQHandler               
00000e13  TA1_0_IRQHandler               
00000e13  TA1_N_IRQHandler               
00000e13  TA2_0_IRQHandler               
00000e13  TA2_N_IRQHandler               
00000e13  TA3_0_IRQHandler               
00000e13  TA3_N_IRQHandler               
00000e13  UsageFault_Handler             
4000480c  WDTCTL_SYM                     
00000e13  WDT_A_IRQHandler               
20010000  __STACK_END                    
00000200  __STACK_SIZE                   
00000400  __SYSMEM_SIZE                  
00000e4c  __TI_CINIT_Base                
00000e54  __TI_CINIT_Limit               
00000e44  __TI_Handler_Table_Base        
00000e4c  __TI_Handler_Table_Limit       
00000bfd  __TI_auto_init                 
20000400  __TI_cleanup_ptr               
00000df9  __TI_decompress_none           
00000e15  __TI_decompress_rle24          
20000404  __TI_dtors_ptr                 
20000408  __TI_enable_exit_profile_output
ffffffff  __TI_pprof_out_hndl            
ffffffff  __TI_prof_data_size            
ffffffff  __TI_prof_data_start           
00000000  __TI_static_base__             
00000b81  __aeabi_memclr                 
00000b81  __aeabi_memclr4                
00000b81  __aeabi_memclr8                
00000ae5  __aeabi_memcpy                 
00000ae5  __aeabi_memcpy4                
00000ae5  __aeabi_memcpy8                
00000b83  __aeabi_memset                 
00000b83  __aeabi_memset4                
00000b83  __aeabi_memset8                
ffffffff  __binit__                      
ffffffff  __c_args__                     
00000bfb  __mpu_init                     
2000fe00  __stack                        
00000dcd  _args_main                     
00000cd9  _c_int00                       
20000418  _lock                          
00000df3  _nop                           
00000deb  _register_lock                 
00000de5  _register_unlock               
20000000  _sys_memory                    
00000cd7  _system_post_cinit             
00000e1b  _system_pre_init               
2000041c  _unlock                        
00000d31  abort                          
ffffffff  binit                          
0000048d  calloc                         
00000ac3  configure_ports                
00000d81  copy_in                        
00000d39  exit                           
000001db  free                           
00000000  interruptVectors               
00000a49  main                           
20000420  main_func_sp                   
00000173  malloc                         
000003a9  memalign                       
00000ae5  memcpy                         
00000b89  memset                         
000000e5  minit                          
00000a2f  overempty                      
00000a01  overfill                       
0000029d  realloc                        
00000981  wraparound                     


GLOBAL SYMBOLS: SORTED BY Symbol Address 

address   name                           
-------   ----                           
00000000  __TI_static_base__             
00000000  interruptVectors               
000000e5  minit                          
00000173  malloc                         
000001db  free                           
00000200  __STACK_SIZE                   
0000029d  realloc                        
000003a9  memalign                       
00000400  __SYSMEM_SIZE                  
0000048d  calloc                         
000004c1  SystemCoreClockUpdate          
00000735  SystemInit                     
000007ed  InitializeBuffer               
00000829  ClearBuffer                    
0000083b  DeleteBuffer                   
0000084b  BufferFull                     
00000869  BufferEmpty                    
00000881  AddItemToBuffer                
000008f3  RemoveItemFromBuffer           
00000981  wraparound                     
00000a01  overfill                       
00000a2f  overempty                      
00000a49  main                           
00000ac3  configure_ports                
00000ae5  __aeabi_memcpy                 
00000ae5  __aeabi_memcpy4                
00000ae5  __aeabi_memcpy8                
00000ae5  memcpy                         
00000b81  __aeabi_memclr                 
00000b81  __aeabi_memclr4                
00000b81  __aeabi_memclr8                
00000b83  __aeabi_memset                 
00000b83  __aeabi_memset4                
00000b83  __aeabi_memset8                
00000b89  memset                         
00000bfb  __mpu_init                     
00000bfd  __TI_auto_init                 
00000cd7  _system_post_cinit             
00000cd9  _c_int00                       
00000d2d  C$$EXIT                        
00000d31  abort                          
00000d39  exit                           
00000d81  copy_in                        
00000dcd  _args_main                     
00000de5  _register_unlock               
00000deb  _register_lock                 
00000df3  _nop                           
00000df9  __TI_decompress_none           
00000e07  Reset_Handler                  
00000e13  ADC14_IRQHandler               
00000e13  AES256_IRQHandler              
00000e13  BusFault_Handler               
00000e13  COMP_E0_IRQHandler             
00000e13  COMP_E1_IRQHandler             
00000e13  CS_IRQHandler                  
00000e13  DMA_ERR_IRQHandler             
00000e13  DMA_INT0_IRQHandler            
00000e13  DMA_INT1_IRQHandler            
00000e13  DMA_INT2_IRQHandler            
00000e13  DMA_INT3_IRQHandler            
00000e13  DebugMon_Handler               
00000e13  Default_Handler                
00000e13  EUSCIA0_IRQHandler             
00000e13  EUSCIA1_IRQHandler             
00000e13  EUSCIA2_IRQHandler             
00000e13  EUSCIA3_IRQHandler             
00000e13  EUSCIB0_IRQHandler             
00000e13  EUSCIB1_IRQHandler             
00000e13  EUSCIB2_IRQHandler             
00000e13  EUSCIB3_IRQHandler             
00000e13  FLCTL_IRQHandler               
00000e13  FPU_IRQHandler                 
00000e13  HardFault_Handler              
00000e13  MemManage_Handler              
00000e13  NMI_Handler                    
00000e13  PCM_IRQHandler                 
00000e13  PORT1_IRQHandler               
00000e13  PORT2_IRQHandler               
00000e13  PORT3_IRQHandler               
00000e13  PORT4_IRQHandler               
00000e13  PORT5_IRQHandler               
00000e13  PORT6_IRQHandler               
00000e13  PSS_IRQHandler                 
00000e13  PendSV_Handler                 
00000e13  RTC_C_IRQHandler               
00000e13  SVC_Handler                    
00000e13  SysTick_Handler                
00000e13  T32_INT1_IRQHandler            
00000e13  T32_INT2_IRQHandler            
00000e13  T32_INTC_IRQHandler            
00000e13  TA0_0_IRQHandler               
00000e13  TA0_N_IRQHandler               
00000e13  TA1_0_IRQHandler               
00000e13  TA1_N_IRQHandler               
00000e13  TA2_0_IRQHandler               
00000e13  TA2_N_IRQHandler               
00000e13  TA3_0_IRQHandler               
00000e13  TA3_N_IRQHandler               
00000e13  UsageFault_Handler             
00000e13  WDT_A_IRQHandler               
00000e15  __TI_decompress_rle24          
00000e1b  _system_pre_init               
00000e44  __TI_Handler_Table_Base        
00000e4c  __TI_CINIT_Base                
00000e4c  __TI_Handler_Table_Limit       
00000e54  __TI_CINIT_Limit               
20000000  _sys_memory                    
20000400  __TI_cleanup_ptr               
20000404  __TI_dtors_ptr                 
20000408  __TI_enable_exit_profile_output
20000418  _lock                          
2000041c  _unlock                        
20000420  main_func_sp                   
20000424  SystemCoreClock                
2000fe00  __stack                        
20010000  __STACK_END                    
4000480c  WDTCTL_SYM                     
ffffffff  __TI_pprof_out_hndl            
ffffffff  __TI_prof_data_size            
ffffffff  __TI_prof_data_start           
ffffffff  __binit__                      
ffffffff  __c_args__                     
ffffffff  binit                          
UNDEFED   SHT$$INIT_ARRAY$$Base          
UNDEFED   SHT$$INIT_ARRAY$$Limit         

[125 symbols]
